/*C4*/SET SCHEMA PUBLIC
DISCONNECT
/*C5*/SET SCHEMA PUBLIC
DROP TABLE users IF EXISTS
DROP SEQUENCE global_seq IF EXISTS
CREATE SEQUENCE GLOBAL_SEQ AS INTEGER START WITH 100000
CREATE TABLE users\u000a(\u000a    id         INTEGER GENERATED BY DEFAULT AS SEQUENCE GLOBAL_SEQ PRIMARY KEY,\u000a    email      VARCHAR(255) NOT NULL,\u000a    first_name VARCHAR(255) NOT NULL,\u000a    last_name  VARCHAR(255) NOT NULL,\u000a    password   VARCHAR(255) NOT NULL,\u000a    role       VARCHAR(20),\u000a    status     VARCHAR(20)\u000a)
DISCONNECT
/*C6*/SET SCHEMA PUBLIC
DISCONNECT
/*C7*/SET SCHEMA PUBLIC
INSERT INTO USERS VALUES(1,'admin@mail.com','Admin','Adminov','$2y$12$kgpRugztbmzdN4DinLyyGe9wdwDaQMNkFXLsA5wXEyTkIGZWeS9KS','ADMIN','ACTIVE')
COMMIT
INSERT INTO USERS VALUES(2,'user@mail.com','User','Userov','$2y$12$Bmfzj0BHUDlJARr/bRxhKe9U7YkN9It/VM.XqOPPTq1qE4mc/BbrO','USER','BANNED')
COMMIT
DISCONNECT
/*C8*/SET SCHEMA PUBLIC
DISCONNECT
/*C9*/SET SCHEMA PUBLIC
DISCONNECT
